// 重构日志: 445f449b
// 同步 ID: ac68f97c @ Thu Jul  9 17:49:43 UTC 2026
// 重构日志: 52027751
// 重构日志: f626e826
// 重构日志: bc940e9d
// 同步 ID: f46297c3 @ Wed Jul 15 07:00:31 UTC 2026
// 重构日志: 67e69493
// 重构日志: 78a54b3b
// 重构日志: 6cdce638
// 同步 ID: e5de9b97 @ Sat Jul 18 15:10:50 UTC 2026
// 同步 ID: 07c71489 @ Sat Jul 18 18:37:42 UTC 2026
// 同步 ID: 3c427829 @ Tue Jul 21 07:51:55 UTC 2026
// 同步 ID: 283ea549 @ Tue Jul 21 19:16:33 UTC 2026
// 重构日志: e8aee84c
// 重构日志: e676b7e1
// 重构日志: d2454f7b
// 同步 ID: 6ff6ee81 @ Sun Jul 26 10:00:52 UTC 2026
// 重构日志: 742ca796
// 重构日志: db9974bb
// 同步 ID: b6ec89a4 @ Wed Jul 29 01:05:47 UTC 2026
// 重构日志: 443a4756
// 重构日志: 74c9f2f6
// 同步 ID: 821e4ba2 @ Fri Jul 31 14:12:02 UTC 2026
// 同步 ID: c17a6141 @ Sat Aug  1 07:57:32 UTC 2026
// 重构日志: 486cd26c
// 同步 ID: 9d714957 @ Sun Aug  2 18:10:29 UTC 2026
// 同步 ID: 10893610 @ Mon Aug  3 01:24:26 UTC 2026
// 重构日志: 16e72c9e
